// Jest Snapshot v1, https://goo.gl/fbAQLP

exports[`Storyshots Footer Complete 1`] = `
<footer>
  <p>
    Â© 
    2016-2019
     
    TSUYUSATO
     "
    <a
      href="https://github.com/MakeNowJust"
    >
      MakeNowJust
    </a>
    "
     
    Kitsune
  </p>
</footer>
`;
